{
  "version": "1.5.0",
  "plugins_used": [
    {
      "name": "ArtifactoryDetector"
    },
    {
      "name": "AWSKeyDetector"
    },
    {
      "name": "AzureStorageKeyDetector"
    },
    {
      "name": "Base64HighEntropyString",
      "limit": 4.5
    },
    {
      "name": "BasicAuthDetector"
    },
    {
      "name": "CloudantDetector"
    },
    {
      "name": "DiscordBotTokenDetector"
    },
    {
      "name": "GitHubTokenDetector"
    },
    {
      "name": "HexHighEntropyString",
      "limit": 3.0
    },
    {
      "name": "IbmCloudIamDetector"
    },
    {
      "name": "IbmCosHmacDetector"
    },
    {
      "name": "IPPublicDetector"
    },
    {
      "name": "JwtTokenDetector"
    },
    {
      "name": "KeywordDetector",
      "keyword_exclude": ""
    },
    {
      "name": "MailchimpDetector"
    },
    {
      "name": "NpmDetector"
    },
    {
      "name": "OpenAIDetector"
    },
    {
      "name": "PrivateKeyDetector"
    },
    {
      "name": "PypiTokenDetector"
    },
    {
      "name": "SendGridDetector"
    },
    {
      "name": "SlackDetector"
    },
    {
      "name": "SoftlayerDetector"
    },
    {
      "name": "SquareOAuthDetector"
    },
    {
      "name": "StripeDetector"
    },
    {
      "name": "TelegramBotTokenDetector"
    },
    {
      "name": "TwilioKeyDetector"
    }
  ],
  "filters_used": [
    {
      "path": "detect_secrets.filters.allowlist.is_line_allowlisted"
    },
    {
      "path": "detect_secrets.filters.common.is_baseline_file",
      "filename": ".secrets.baseline"
    },
    {
      "path": "detect_secrets.filters.heuristic.is_indirect_reference"
    },
    {
      "path": "detect_secrets.filters.heuristic.is_likely_id_string"
    },
    {
      "path": "detect_secrets.filters.heuristic.is_lock_file"
    },
    {
      "path": "detect_secrets.filters.heuristic.is_not_alphanumeric_string"
    },
    {
      "path": "detect_secrets.filters.heuristic.is_potential_uuid"
    },
    {
      "path": "detect_secrets.filters.heuristic.is_prefixed_with_dollar_sign"
    },
    {
      "path": "detect_secrets.filters.heuristic.is_sequential_string"
    },
    {
      "path": "detect_secrets.filters.heuristic.is_swagger_file"
    },
    {
      "path": "detect_secrets.filters.heuristic.is_templated_secret"
    },
    {
      "path": "detect_secrets.filters.heuristic.is_triple_quoted"
    },
    {
      "path": "detect_secrets.filters.regex.should_exclude_file",
      "pattern": [
        "frontend[\\\\/]pnpm-lock\\.yaml$"
      ]
    }
  ],
  "results": {
    "bluefire\\data\\architecture_policy.json": [
      {
        "type": "Hex High Entropy String",
        "filename": "bluefire\\data\\architecture_policy.json",
        "hashed_secret": "43ba9efa1036b1b49e3d50dfe5d3119b5c113f24",
        "is_verified": false,
        "line_number": 3
      }
    ],
    "bluefire\\data\\gate11_linux_wheelhouse.json": [
      {
        "type": "Hex High Entropy String",
        "filename": "bluefire\\data\\gate11_linux_wheelhouse.json",
        "hashed_secret": "1ff563261b34f7ea73573119f2f5cb22495a4659",
        "is_verified": false,
        "line_number": 16
      },
      {
        "type": "Hex High Entropy String",
        "filename": "bluefire\\data\\gate11_linux_wheelhouse.json",
        "hashed_secret": "57da33b181d64ff23b658197dc9ecd04b27e45cc",
        "is_verified": false,
        "line_number": 23
      },
      {
        "type": "Hex High Entropy String",
        "filename": "bluefire\\data\\gate11_linux_wheelhouse.json",
        "hashed_secret": "2c60b81d9eba9f7eb1ff91d2eef59fae1d85a96e",
        "is_verified": false,
        "line_number": 30
      },
      {
        "type": "Hex High Entropy String",
        "filename": "bluefire\\data\\gate11_linux_wheelhouse.json",
        "hashed_secret": "70a080724006d565200e4b47c27b99c3a5e2b6fc",
        "is_verified": false,
        "line_number": 37
      },
      {
        "type": "Hex High Entropy String",
        "filename": "bluefire\\data\\gate11_linux_wheelhouse.json",
        "hashed_secret": "4496025797cbc66bab8927950299959acb48b6df",
        "is_verified": false,
        "line_number": 44
      }
    ],
    "bluefire\\data\\release_rights_policy.json": [
      {
        "type": "Hex High Entropy String",
        "filename": "bluefire\\data\\release_rights_policy.json",
        "hashed_secret": "5fa63a87640c516c7173ed6cc712023f54d7a7aa",
        "is_verified": false,
        "line_number": 26
      },
      {
        "type": "Hex High Entropy String",
        "filename": "bluefire\\data\\release_rights_policy.json",
        "hashed_secret": "1ff563261b34f7ea73573119f2f5cb22495a4659",
        "is_verified": false,
        "line_number": 61
      },
      {
        "type": "Hex High Entropy String",
        "filename": "bluefire\\data\\release_rights_policy.json",
        "hashed_secret": "57da33b181d64ff23b658197dc9ecd04b27e45cc",
        "is_verified": false,
        "line_number": 67
      },
      {
        "type": "Hex High Entropy String",
        "filename": "bluefire\\data\\release_rights_policy.json",
        "hashed_secret": "2c60b81d9eba9f7eb1ff91d2eef59fae1d85a96e",
        "is_verified": false,
        "line_number": 73
      },
      {
        "type": "Hex High Entropy String",
        "filename": "bluefire\\data\\release_rights_policy.json",
        "hashed_secret": "70a080724006d565200e4b47c27b99c3a5e2b6fc",
        "is_verified": false,
        "line_number": 79
      },
      {
        "type": "Hex High Entropy String",
        "filename": "bluefire\\data\\release_rights_policy.json",
        "hashed_secret": "4496025797cbc66bab8927950299959acb48b6df",
        "is_verified": false,
        "line_number": 85
      },
      {
        "type": "Hex High Entropy String",
        "filename": "bluefire\\data\\release_rights_policy.json",
        "hashed_secret": "b65bd8176026be4a9ccafe9c72e73bfdce8e4b6c",
        "is_verified": false,
        "line_number": 126
      },
      {
        "type": "Hex High Entropy String",
        "filename": "bluefire\\data\\release_rights_policy.json",
        "hashed_secret": "3d16ecfbb4c8da65d45cc58629a6da4f4ef946ff",
        "is_verified": false,
        "line_number": 240
      },
      {
        "type": "Hex High Entropy String",
        "filename": "bluefire\\data\\release_rights_policy.json",
        "hashed_secret": "3d5bae29bf791cdbf26a6165f7e9297fec08cc49",
        "is_verified": false,
        "line_number": 404
      },
      {
        "type": "Hex High Entropy String",
        "filename": "bluefire\\data\\release_rights_policy.json",
        "hashed_secret": "7c7031b276d452c4b79d700bb5a6d63ccd456532",
        "is_verified": false,
        "line_number": 405
      }
    ],
    "bluefire\\deep_behavior_gate.py": [
      {
        "type": "Secret Keyword",
        "filename": "bluefire\\deep_behavior_gate.py",
        "hashed_secret": "ac7223993e6a2c7e3bb68a01e1a201c02e275351",
        "is_verified": false,
        "line_number": 76
      }
    ],
    "bluefire\\deep_behavior_gate_validation.py": [
      {
        "type": "Secret Keyword",
        "filename": "bluefire\\deep_behavior_gate_validation.py",
        "hashed_secret": "5f139f4b6707283f588a9ac10e846989f3996d13",
        "is_verified": false,
        "line_number": 68
      },
      {
        "type": "Secret Keyword",
        "filename": "bluefire\\deep_behavior_gate_validation.py",
        "hashed_secret": "8a7f841036c442fb81b3ad8835d991227a48c368",
        "is_verified": false,
        "line_number": 110
      }
    ],
    "bluefire\\deep_behavior_journey.py": [
      {
        "type": "Secret Keyword",
        "filename": "bluefire\\deep_behavior_journey.py",
        "hashed_secret": "5f139f4b6707283f588a9ac10e846989f3996d13",
        "is_verified": false,
        "line_number": 54
      },
      {
        "type": "Secret Keyword",
        "filename": "bluefire\\deep_behavior_journey.py",
        "hashed_secret": "8a7f841036c442fb81b3ad8835d991227a48c368",
        "is_verified": false,
        "line_number": 67
      }
    ],
    "bluefire\\native\\linux-x86_64\\runner-manifest.json": [
      {
        "type": "Hex High Entropy String",
        "filename": "bluefire\\native\\linux-x86_64\\runner-manifest.json",
        "hashed_secret": "1ffc0a8e3b64b63824a448d9ddc8b059988be570",
        "is_verified": false,
        "line_number": 1
      }
    ],
    "bluefire\\native\\runner-manifest.json": [
      {
        "type": "Hex High Entropy String",
        "filename": "bluefire\\native\\runner-manifest.json",
        "hashed_secret": "dbf5e546da77fd0487c3c484d5eceb0c1af2bc96",
        "is_verified": false,
        "line_number": 1
      }
    ],
    "bluefire\\runner_adapter.py": [
      {
        "type": "Hex High Entropy String",
        "filename": "bluefire\\runner_adapter.py",
        "hashed_secret": "6cb42eeb13d1c6aac2eca3dc8c2e83e3ca6d88b5",
        "is_verified": false,
        "line_number": 16
      }
    ],
    "runner\\src\\actions.rs": [
      {
        "type": "Hex High Entropy String",
        "filename": "runner\\src\\actions.rs",
        "hashed_secret": "6cb42eeb13d1c6aac2eca3dc8c2e83e3ca6d88b5",
        "is_verified": false,
        "line_number": 40
      }
    ],
    "runner\\src\\cancellation_witness.rs": [
      {
        "type": "Hex High Entropy String",
        "filename": "runner\\src\\cancellation_witness.rs",
        "hashed_secret": "ce4303f6b22257d9c9cf314ef1dee4707c6e1c13",
        "is_verified": false,
        "line_number": 798
      }
    ],
    "tests_platform\\fixtures\\provider_upgrade\\provider-1.0.0.signed.json": [
      {
        "type": "Hex High Entropy String",
        "filename": "tests_platform\\fixtures\\provider_upgrade\\provider-1.0.0.signed.json",
        "hashed_secret": "d220b6fa395721b211fa66c65786ce565b5cc117",
        "is_verified": false,
        "line_number": 119
      },
      {
        "type": "Base64 High Entropy String",
        "filename": "tests_platform\\fixtures\\provider_upgrade\\provider-1.0.0.signed.json",
        "hashed_secret": "1cef138cdb56a7155e7913930abe4808a4382838",
        "is_verified": false,
        "line_number": 198
      }
    ],
    "tests_platform\\fixtures\\provider_upgrade\\provider-2.0.0.signed.json": [
      {
        "type": "Hex High Entropy String",
        "filename": "tests_platform\\fixtures\\provider_upgrade\\provider-2.0.0.signed.json",
        "hashed_secret": "80f0cbf609b8f3ec454c2bbd8015bdff4c365d0b",
        "is_verified": false,
        "line_number": 119
      },
      {
        "type": "Base64 High Entropy String",
        "filename": "tests_platform\\fixtures\\provider_upgrade\\provider-2.0.0.signed.json",
        "hashed_secret": "edd9d949c97fc0d4a669601dab15e250c1a1768c",
        "is_verified": false,
        "line_number": 198
      }
    ],
    "tests_platform\\fixtures\\provider_upgrade\\provider-3.0.0-output-limit.signed.json": [
      {
        "type": "Hex High Entropy String",
        "filename": "tests_platform\\fixtures\\provider_upgrade\\provider-3.0.0-output-limit.signed.json",
        "hashed_secret": "80f0cbf609b8f3ec454c2bbd8015bdff4c365d0b",
        "is_verified": false,
        "line_number": 119
      },
      {
        "type": "Base64 High Entropy String",
        "filename": "tests_platform\\fixtures\\provider_upgrade\\provider-3.0.0-output-limit.signed.json",
        "hashed_secret": "33548d307ce093a8f10c198c6043526584f777d4",
        "is_verified": false,
        "line_number": 198
      }
    ],
    "tests_platform\\test_cross_platform_linux_cleanup_validation.py": [
      {
        "type": "Base64 High Entropy String",
        "filename": "tests_platform\\test_cross_platform_linux_cleanup_validation.py",
        "hashed_secret": "eefc2abe2262e4a25a5c0f95a755a1e5bb3604ab",
        "is_verified": false,
        "line_number": 23
      }
    ],
    "tests_platform\\test_cross_platform_linux_distribution.py": [
      {
        "type": "Base64 High Entropy String",
        "filename": "tests_platform\\test_cross_platform_linux_distribution.py",
        "hashed_secret": "eefc2abe2262e4a25a5c0f95a755a1e5bb3604ab",
        "is_verified": false,
        "line_number": 36
      }
    ],
    "tests_platform\\test_deep_behavior_gate_validation.py": [
      {
        "type": "Secret Keyword",
        "filename": "tests_platform\\test_deep_behavior_gate_validation.py",
        "hashed_secret": "6fa686cfa5c4579db48e20bf6295755d23680067",
        "is_verified": false,
        "line_number": 759
      }
    ],
    "tests_platform\\test_detections.py": [
      {
        "type": "Hex High Entropy String",
        "filename": "tests_platform\\test_detections.py",
        "hashed_secret": "3ce2078b5f4fb02bd74229c27b69815aea60436a",
        "is_verified": false,
        "line_number": 119
      }
    ],
    "tests_platform\\test_install_gate.py": [
      {
        "type": "Hex High Entropy String",
        "filename": "tests_platform\\test_install_gate.py",
        "hashed_secret": "3dd635a808ddb6dd4b6731f7c409d53dd4b14df2",
        "is_verified": false,
        "line_number": 860
      },
      {
        "type": "Hex High Entropy String",
        "filename": "tests_platform\\test_install_gate.py",
        "hashed_secret": "2e68070cc8eb18dc32c15e5bbe4b66c6254126a5",
        "is_verified": false,
        "line_number": 992
      }
    ]
  },
  "generated_at": "2026-09-01T23:16:34Z"
}
